Archive member included to satisfy reference by file (symbol)

d:/programs/stm32cubeide_1.0.2/stm32cubeide/plugins/com.st.stm32cube.ide.mcu.externaltools.gnu-tools-for-stm32.7-2018-q2-update.win32_1.0.0.201904181610/tools/bin/../lib/gcc/arm-none-eabi/7.3.1/../../../../arm-none-eabi/lib/thumb/v7e-m/fpv4-sp/hard\libc_nano.a(lib_a-errno.o)
                              Src/syscalls.o (__errno)
d:/programs/stm32cubeide_1.0.2/stm32cubeide/plugins/com.st.stm32cube.ide.mcu.externaltools.gnu-tools-for-stm32.7-2018-q2-update.win32_1.0.0.201904181610/tools/bin/../lib/gcc/arm-none-eabi/7.3.1/../../../../arm-none-eabi/lib/thumb/v7e-m/fpv4-sp/hard\libc_nano.a(lib_a-exit.o)
                              d:/programs/stm32cubeide_1.0.2/stm32cubeide/plugins/com.st.stm32cube.ide.mcu.externaltools.gnu-tools-for-stm32.7-2018-q2-update.win32_1.0.0.201904181610/tools/bin/../lib/gcc/arm-none-eabi/7.3.1/../../../../arm-none-eabi/lib/thumb/v7e-m/fpv4-sp/hard/crt0.o (exit)
d:/programs/stm32cubeide_1.0.2/stm32cubeide/plugins/com.st.stm32cube.ide.mcu.externaltools.gnu-tools-for-stm32.7-2018-q2-update.win32_1.0.0.201904181610/tools/bin/../lib/gcc/arm-none-eabi/7.3.1/../../../../arm-none-eabi/lib/thumb/v7e-m/fpv4-sp/hard\libc_nano.a(lib_a-impure.o)
                              d:/programs/stm32cubeide_1.0.2/stm32cubeide/plugins/com.st.stm32cube.ide.mcu.externaltools.gnu-tools-for-stm32.7-2018-q2-update.win32_1.0.0.201904181610/tools/bin/../lib/gcc/arm-none-eabi/7.3.1/../../../../arm-none-eabi/lib/thumb/v7e-m/fpv4-sp/hard\libc_nano.a(lib_a-exit.o) (_global_impure_ptr)
d:/programs/stm32cubeide_1.0.2/stm32cubeide/plugins/com.st.stm32cube.ide.mcu.externaltools.gnu-tools-for-stm32.7-2018-q2-update.win32_1.0.0.201904181610/tools/bin/../lib/gcc/arm-none-eabi/7.3.1/../../../../arm-none-eabi/lib/thumb/v7e-m/fpv4-sp/hard\libc_nano.a(lib_a-init.o)
                              d:/programs/stm32cubeide_1.0.2/stm32cubeide/plugins/com.st.stm32cube.ide.mcu.externaltools.gnu-tools-for-stm32.7-2018-q2-update.win32_1.0.0.201904181610/tools/bin/../lib/gcc/arm-none-eabi/7.3.1/../../../../arm-none-eabi/lib/thumb/v7e-m/fpv4-sp/hard/crt0.o (__libc_init_array)
d:/programs/stm32cubeide_1.0.2/stm32cubeide/plugins/com.st.stm32cube.ide.mcu.externaltools.gnu-tools-for-stm32.7-2018-q2-update.win32_1.0.0.201904181610/tools/bin/../lib/gcc/arm-none-eabi/7.3.1/../../../../arm-none-eabi/lib/thumb/v7e-m/fpv4-sp/hard\libc_nano.a(lib_a-memset.o)
                              d:/programs/stm32cubeide_1.0.2/stm32cubeide/plugins/com.st.stm32cube.ide.mcu.externaltools.gnu-tools-for-stm32.7-2018-q2-update.win32_1.0.0.201904181610/tools/bin/../lib/gcc/arm-none-eabi/7.3.1/../../../../arm-none-eabi/lib/thumb/v7e-m/fpv4-sp/hard/crt0.o (memset)
d:/programs/stm32cubeide_1.0.2/stm32cubeide/plugins/com.st.stm32cube.ide.mcu.externaltools.gnu-tools-for-stm32.7-2018-q2-update.win32_1.0.0.201904181610/tools/bin/../lib/gcc/arm-none-eabi/7.3.1/thumb/v7e-m/fpv4-sp/hard\libgcc.a(_aeabi_uldivmod.o)
                              Drivers/STM32L4xx_HAL_Driver/Src/stm32l4xx_hal_uart.o (__aeabi_uldivmod)
d:/programs/stm32cubeide_1.0.2/stm32cubeide/plugins/com.st.stm32cube.ide.mcu.externaltools.gnu-tools-for-stm32.7-2018-q2-update.win32_1.0.0.201904181610/tools/bin/../lib/gcc/arm-none-eabi/7.3.1/thumb/v7e-m/fpv4-sp/hard\libgcc.a(_udivmoddi4.o)
                              d:/programs/stm32cubeide_1.0.2/stm32cubeide/plugins/com.st.stm32cube.ide.mcu.externaltools.gnu-tools-for-stm32.7-2018-q2-update.win32_1.0.0.201904181610/tools/bin/../lib/gcc/arm-none-eabi/7.3.1/thumb/v7e-m/fpv4-sp/hard\libgcc.a(_aeabi_uldivmod.o) (__udivmoddi4)
d:/programs/stm32cubeide_1.0.2/stm32cubeide/plugins/com.st.stm32cube.ide.mcu.externaltools.gnu-tools-for-stm32.7-2018-q2-update.win32_1.0.0.201904181610/tools/bin/../lib/gcc/arm-none-eabi/7.3.1/thumb/v7e-m/fpv4-sp/hard\libgcc.a(_dvmd_tls.o)
                              d:/programs/stm32cubeide_1.0.2/stm32cubeide/plugins/com.st.stm32cube.ide.mcu.externaltools.gnu-tools-for-stm32.7-2018-q2-update.win32_1.0.0.201904181610/tools/bin/../lib/gcc/arm-none-eabi/7.3.1/thumb/v7e-m/fpv4-sp/hard\libgcc.a(_aeabi_uldivmod.o) (__aeabi_ldiv0)

Allocating common symbols
Common symbol       size              file

sig_xxx             0x2               signal/sig_cfg.o
uwTick              0x4               Drivers/STM32L4xx_HAL_Driver/Src/stm32l4xx_hal.o
sig_light           0x1               signal/sig_cfg.o
sig_red_light       0x1               signal/sig_cfg.o
sig_pedestrian_request
                    0x1               signal/sig_cfg.o
huart2              0x80              Src/main.o

Discarded input sections

 .text          0x0000000000000000        0x0 d:/programs/stm32cubeide_1.0.2/stm32cubeide/plugins/com.st.stm32cube.ide.mcu.externaltools.gnu-tools-for-stm32.7-2018-q2-update.win32_1.0.0.201904181610/tools/bin/../lib/gcc/arm-none-eabi/7.3.1/thumb/v7e-m/fpv4-sp/hard/crti.o
[...]
Memory Configuration

Name             Origin             Length             Attributes
RAM              0x0000000020000000 0x0000000000018000 xrw
RAM2             0x0000000010000000 0x0000000000008000 xrw
FLASH            0x0000000008000000 0x0000000000100000 xr
*default*        0x0000000000000000 0xffffffffffffffff

Linker script and memory map

LOAD d:/programs/stm32cubeide_1.0.2/stm32cubeide/plugins/com.st.stm32cube.ide.mcu.externaltools.gnu-tools-for-stm32.7-2018-q2-update.win32_1.0.0.201904181610/tools/bin/../lib/gcc/arm-none-eabi/7.3.1/thumb/v7e-m/fpv4-sp/hard/crti.o
LOAD d:/programs/stm32cubeide_1.0.2/stm32cubeide/plugins/com.st.stm32cube.ide.mcu.externaltools.gnu-tools-for-stm32.7-2018-q2-update.win32_1.0.0.201904181610/tools/bin/../lib/gcc/arm-none-eabi/7.3.1/thumb/v7e-m/fpv4-sp/hard/crtbegin.o
LOAD d:/programs/stm32cubeide_1.0.2/stm32cubeide/plugins/com.st.stm32cube.ide.mcu.externaltools.gnu-tools-for-stm32.7-2018-q2-update.win32_1.0.0.201904181610/tools/bin/../lib/gcc/arm-none-eabi/7.3.1/../../../../arm-none-eabi/lib/thumb/v7e-m/fpv4-sp/hard/crt0.o
LOAD CarLight/stm32_gcc/CarLight.o
LOAD Drivers/STM32L4xx_HAL_Driver/Src/stm32l4xx_hal.o
LOAD Drivers/STM32L4xx_HAL_Driver/Src/stm32l4xx_hal_cortex.o
LOAD Drivers/STM32L4xx_HAL_Driver/Src/stm32l4xx_hal_dma.o
LOAD Drivers/STM32L4xx_HAL_Driver/Src/stm32l4xx_hal_dma_ex.o
LOAD Drivers/STM32L4xx_HAL_Driver/Src/stm32l4xx_hal_exti.o
LOAD Drivers/STM32L4xx_HAL_Driver/Src/stm32l4xx_hal_flash.o
LOAD Drivers/STM32L4xx_HAL_Driver/Src/stm32l4xx_hal_flash_ex.o
LOAD Drivers/STM32L4xx_HAL_Driver/Src/stm32l4xx_hal_flash_ramfunc.o
LOAD Drivers/STM32L4xx_HAL_Driver/Src/stm32l4xx_hal_gpio.o
LOAD Drivers/STM32L4xx_HAL_Driver/Src/stm32l4xx_hal_i2c.o
LOAD Drivers/STM32L4xx_HAL_Driver/Src/stm32l4xx_hal_i2c_ex.o
LOAD Drivers/STM32L4xx_HAL_Driver/Src/stm32l4xx_hal_pwr.o
LOAD Drivers/STM32L4xx_HAL_Driver/Src/stm32l4xx_hal_pwr_ex.o
LOAD Drivers/STM32L4xx_HAL_Driver/Src/stm32l4xx_hal_rcc.o
LOAD Drivers/STM32L4xx_HAL_Driver/Src/stm32l4xx_hal_rcc_ex.o
LOAD Drivers/STM32L4xx_HAL_Driver/Src/stm32l4xx_hal_tim.o
LOAD Drivers/STM32L4xx_HAL_Driver/Src/stm32l4xx_hal_tim_ex.o
LOAD Drivers/STM32L4xx_HAL_Driver/Src/stm32l4xx_hal_uart.o
LOAD Drivers/STM32L4xx_HAL_Driver/Src/stm32l4xx_hal_uart_ex.o
LOAD Src/main.o
LOAD Src/stm32l4xx_hal_msp.o
LOAD Src/stm32l4xx_it.o
LOAD Src/syscalls.o
LOAD Src/sysmem.o
LOAD Src/system_stm32l4xx.o
LOAD Startup/startup_stm32l476rgtx.o
LOAD scheduler/sch.o
LOAD scheduler/sch_cfg.o
LOAD signal/sig.o
LOAD signal/sig_cfg.o
LOAD system/stm32_gcc/sys_button.o
LOAD system/stm32_gcc/sys_timer.o
START GROUP
LOAD d:/programs/stm32cubeide_1.0.2/stm32cubeide/plugins/com.st.stm32cube.ide.mcu.externaltools.gnu-tools-for-stm32.7-2018-q2-update.win32_1.0.0.201904181610/tools/bin/../lib/gcc/arm-none-eabi/7.3.1/../../../../arm-none-eabi/lib/thumb/v7e-m/fpv4-sp/hard\libc_nano.a
LOAD d:/programs/stm32cubeide_1.0.2/stm32cubeide/plugins/com.st.stm32cube.ide.mcu.externaltools.gnu-tools-for-stm32.7-2018-q2-update.win32_1.0.0.201904181610/tools/bin/../lib/gcc/arm-none-eabi/7.3.1/../../../../arm-none-eabi/lib/thumb/v7e-m/fpv4-sp/hard\libm.a
END GROUP
START GROUP
LOAD d:/programs/stm32cubeide_1.0.2/stm32cubeide/plugins/com.st.stm32cube.ide.mcu.externaltools.gnu-tools-for-stm32.7-2018-q2-update.win32_1.0.0.201904181610/tools/bin/../lib/gcc/arm-none-eabi/7.3.1/thumb/v7e-m/fpv4-sp/hard\libgcc.a
LOAD d:/programs/stm32cubeide_1.0.2/stm32cubeide/plugins/com.st.stm32cube.ide.mcu.externaltools.gnu-tools-for-stm32.7-2018-q2-update.win32_1.0.0.201904181610/tools/bin/../lib/gcc/arm-none-eabi/7.3.1/../../../../arm-none-eabi/lib/thumb/v7e-m/fpv4-sp/hard\libc_nano.a
END GROUP
START GROUP
LOAD d:/programs/stm32cubeide_1.0.2/stm32cubeide/plugins/com.st.stm32cube.ide.mcu.externaltools.gnu-tools-for-stm32.7-2018-q2-update.win32_1.0.0.201904181610/tools/bin/../lib/gcc/arm-none-eabi/7.3.1/thumb/v7e-m/fpv4-sp/hard\libgcc.a
LOAD d:/programs/stm32cubeide_1.0.2/stm32cubeide/plugins/com.st.stm32cube.ide.mcu.externaltools.gnu-tools-for-stm32.7-2018-q2-update.win32_1.0.0.201904181610/tools/bin/../lib/gcc/arm-none-eabi/7.3.1/../../../../arm-none-eabi/lib/thumb/v7e-m/fpv4-sp/hard\libc_nano.a
LOAD d:/programs/stm32cubeide_1.0.2/stm32cubeide/plugins/com.st.stm32cube.ide.mcu.externaltools.gnu-tools-for-stm32.7-2018-q2-update.win32_1.0.0.201904181610/tools/bin/../lib/gcc/arm-none-eabi/7.3.1/../../../../arm-none-eabi/lib/thumb/v7e-m/fpv4-sp/hard\libnosys.a
END GROUP
START GROUP
LOAD d:/programs/stm32cubeide_1.0.2/stm32cubeide/plugins/com.st.stm32cube.ide.mcu.externaltools.gnu-tools-for-stm32.7-2018-q2-update.win32_1.0.0.201904181610/tools/bin/../lib/gcc/arm-none-eabi/7.3.1/thumb/v7e-m/fpv4-sp/hard\libgcc.a
LOAD d:/programs/stm32cubeide_1.0.2/stm32cubeide/plugins/com.st.stm32cube.ide.mcu.externaltools.gnu-tools-for-stm32.7-2018-q2-update.win32_1.0.0.201904181610/tools/bin/../lib/gcc/arm-none-eabi/7.3.1/../../../../arm-none-eabi/lib/thumb/v7e-m/fpv4-sp/hard\libc_nano.a
LOAD d:/programs/stm32cubeide_1.0.2/stm32cubeide/plugins/com.st.stm32cube.ide.mcu.externaltools.gnu-tools-for-stm32.7-2018-q2-update.win32_1.0.0.201904181610/tools/bin/../lib/gcc/arm-none-eabi/7.3.1/../../../../arm-none-eabi/lib/thumb/v7e-m/fpv4-sp/hard\libnosys.a
END GROUP
LOAD d:/programs/stm32cubeide_1.0.2/stm32cubeide/plugins/com.st.stm32cube.ide.mcu.externaltools.gnu-tools-for-stm32.7-2018-q2-update.win32_1.0.0.201904181610/tools/bin/../lib/gcc/arm-none-eabi/7.3.1/thumb/v7e-m/fpv4-sp/hard/crtend.o
LOAD d:/programs/stm32cubeide_1.0.2/stm32cubeide/plugins/com.st.stm32cube.ide.mcu.externaltools.gnu-tools-for-stm32.7-2018-q2-update.win32_1.0.0.201904181610/tools/bin/../lib/gcc/arm-none-eabi/7.3.1/thumb/v7e-m/fpv4-sp/hard/crtn.o
                0x0000000020018000                _estack = 0x20018000
                0x0000000000000200                _Min_Heap_Size = 0x200
                0x0000000000000400                _Min_Stack_Size = 0x400

.isr_vector     0x0000000008000000      0x188
                0x0000000008000000                . = ALIGN (0x4)
 *(.isr_vector)
 .isr_vector    0x0000000008000000      0x188 Startup/startup_stm32l476rgtx.o
                0x0000000008000000                g_pfnVectors
                0x0000000008000188                . = ALIGN (0x4)

.text           0x0000000008000188     0x3260
                0x0000000008000188                . = ALIGN (0x4)
 *(.text)
 .text          0x0000000008000188       0x40 d:/programs/stm32cubeide_1.0.2/stm32cubeide/plugins/com.st.stm32cube.ide.mcu.externaltools.gnu-tools-for-stm32.7-2018-q2-update.win32_1.0.0.201904181610/tools/bin/../lib/gcc/arm-none-eabi/7.3.1/thumb/v7e-m/fpv4-sp/hard/crtbegin.o
 .text          0x00000000080001c8       0x30 d:/programs/stm32cubeide_1.0.2/stm32cubeide/plugins/com.st.stm32cube.ide.mcu.externaltools.gnu-tools-for-stm32.7-2018-q2-update.win32_1.0.0.201904181610/tools/bin/../lib/gcc/arm-none-eabi/7.3.1/thumb/v7e-m/fpv4-sp/hard\libgcc.a(_aeabi_uldivmod.o)
                0x00000000080001c8                __aeabi_uldivmod
 .text          0x00000000080001f8      0x2cc d:/programs/stm32cubeide_1.0.2/stm32cubeide/plugins/com.st.stm32cube.ide.mcu.externaltools.gnu-tools-for-stm32.7-2018-q2-update.win32_1.0.0.201904181610/tools/bin/../lib/gcc/arm-none-eabi/7.3.1/thumb/v7e-m/fpv4-sp/hard\libgcc.a(_udivmoddi4.o)
                0x00000000080001f8                __udivmoddi4
 .text          0x00000000080004c4        0x4 d:/programs/stm32cubeide_1.0.2/stm32cubeide/plugins/com.st.stm32cube.ide.mcu.externaltools.gnu-tools-for-stm32.7-2018-q2-update.win32_1.0.0.201904181610/tools/bin/../lib/gcc/arm-none-eabi/7.3.1/thumb/v7e-m/fpv4-sp/hard\libgcc.a(_dvmd_tls.o)
                0x00000000080004c4                __aeabi_idiv0
                0x00000000080004c4                __aeabi_ldiv0
 *(.text*)
 .text.CL_SetLightColor
                0x00000000080004c8      0x160 CarLight/stm32_gcc/CarLight.o
                0x00000000080004c8                CL_SetLightColor
 .text.HAL_Init
                0x0000000008000628       0x40 Drivers/STM32L4xx_HAL_Driver/Src/stm32l4xx_hal.o
                0x0000000008000628                HAL_Init
 .text.HAL_InitTick
                0x0000000008000668       0x74 Drivers/STM32L4xx_HAL_Driver/Src/stm32l4xx_hal.o
                0x0000000008000668                HAL_InitTick
 .text.HAL_IncTick
                0x00000000080006dc       0x24 Drivers/STM32L4xx_HAL_Driver/Src/stm32l4xx_hal.o
                0x00000000080006dc                HAL_IncTick
 .text.HAL_GetTick
                0x0000000008000700       0x18 Drivers/STM32L4xx_HAL_Driver/Src/stm32l4xx_hal.o
                0x0000000008000700                HAL_GetTick
 .text.__NVIC_SetPriorityGrouping
                0x0000000008000718       0x48 Drivers/STM32L4xx_HAL_Driver/Src/stm32l4xx_hal_cortex.o
 .text.__NVIC_GetPriorityGrouping
                0x0000000008000760       0x1c Drivers/STM32L4xx_HAL_Driver/Src/stm32l4xx_hal_cortex.o
 .text.__NVIC_EnableIRQ
                0x000000000800077c       0x3c Drivers/STM32L4xx_HAL_Driver/Src/stm32l4xx_hal_cortex.o
 .text.__NVIC_SetPriority
                0x00000000080007b8       0x54 Drivers/STM32L4xx_HAL_Driver/Src/stm32l4xx_hal_cortex.o
 .text.NVIC_EncodePriority
                0x000000000800080c       0x66 Drivers/STM32L4xx_HAL_Driver/Src/stm32l4xx_hal_cortex.o
 *fill*         0x0000000008000872        0x2 
 .text.SysTick_Config
                0x0000000008000874       0x44 Drivers/STM32L4xx_HAL_Driver/Src/stm32l4xx_hal_cortex.o
 .text.HAL_NVIC_SetPriorityGrouping
                0x00000000080008b8       0x16 Drivers/STM32L4xx_HAL_Driver/Src/stm32l4xx_hal_cortex.o
                0x00000000080008b8                HAL_NVIC_SetPriorityGrouping
 .text.HAL_NVIC_SetPriority
                0x00000000080008ce       0x38 Drivers/STM32L4xx_HAL_Driver/Src/stm32l4xx_hal_cortex.o
                0x00000000080008ce                HAL_NVIC_SetPriority
 .text.HAL_NVIC_EnableIRQ
                0x0000000008000906       0x1c Drivers/STM32L4xx_HAL_Driver/Src/stm32l4xx_hal_cortex.o
                0x0000000008000906                HAL_NVIC_EnableIRQ
 .text.HAL_SYSTICK_Config
                0x0000000008000922       0x18 Drivers/STM32L4xx_HAL_Driver/Src/stm32l4xx_hal_cortex.o
                0x0000000008000922                HAL_SYSTICK_Config
 *fill*         0x000000000800093a        0x2 
 .text.HAL_GPIO_Init
                0x000000000800093c      0x350 Drivers/STM32L4xx_HAL_Driver/Src/stm32l4xx_hal_gpio.o
                0x000000000800093c                HAL_GPIO_Init
 .text.HAL_GPIO_WritePin
                0x0000000008000c8c       0x30 Drivers/STM32L4xx_HAL_Driver/Src/stm32l4xx_hal_gpio.o
                0x0000000008000c8c                HAL_GPIO_WritePin
 .text.HAL_GPIO_TogglePin
                0x0000000008000cbc       0x32 Drivers/STM32L4xx_HAL_Driver/Src/stm32l4xx_hal_gpio.o
                0x0000000008000cbc                HAL_GPIO_TogglePin
 *fill*         0x0000000008000cee        0x2 
 .text.HAL_GPIO_EXTI_IRQHandler
                0x0000000008000cf0       0x30 Drivers/STM32L4xx_HAL_Driver/Src/stm32l4xx_hal_gpio.o
                0x0000000008000cf0                HAL_GPIO_EXTI_IRQHandler
 .text.HAL_GPIO_EXTI_Callback
                0x0000000008000d20       0x16 Drivers/STM32L4xx_HAL_Driver/Src/stm32l4xx_hal_gpio.o
                0x0000000008000d20                HAL_GPIO_EXTI_Callback
 *fill*         0x0000000008000d36        0x2 
 .text.HAL_PWREx_GetVoltageRange
                0x0000000008000d38       0x1c Drivers/STM32L4xx_HAL_Driver/Src/stm32l4xx_hal_pwr_ex.o
                0x0000000008000d38                HAL_PWREx_GetVoltageRange
 .text.HAL_PWREx_ControlVoltageScaling
                0x0000000008000d54       0xac Drivers/STM32L4xx_HAL_Driver/Src/stm32l4xx_hal_pwr_ex.o
                0x0000000008000d54                HAL_PWREx_ControlVoltageScaling
 .text.HAL_RCC_OscConfig
                0x0000000008000e00      0x760 Drivers/STM32L4xx_HAL_Driver/Src/stm32l4xx_hal_rcc.o
                0x0000000008000e00                HAL_RCC_OscConfig
 .text.HAL_RCC_ClockConfig
                0x0000000008001560      0x1c4 Drivers/STM32L4xx_HAL_Driver/Src/stm32l4xx_hal_rcc.o
                0x0000000008001560                HAL_RCC_ClockConfig
 .text.HAL_RCC_GetSysClockFreq
                0x0000000008001724      0x114 Drivers/STM32L4xx_HAL_Driver/Src/stm32l4xx_hal_rcc.o
                0x0000000008001724                HAL_RCC_GetSysClockFreq
 .text.HAL_RCC_GetHCLKFreq
                0x0000000008001838       0x18 Drivers/STM32L4xx_HAL_Driver/Src/stm32l4xx_hal_rcc.o
                0x0000000008001838                HAL_RCC_GetHCLKFreq
 .text.HAL_RCC_GetPCLK1Freq
                0x0000000008001850       0x2c Drivers/STM32L4xx_HAL_Driver/Src/stm32l4xx_hal_rcc.o
                0x0000000008001850                HAL_RCC_GetPCLK1Freq
 .text.HAL_RCC_GetPCLK2Freq
                0x000000000800187c       0x2c Drivers/STM32L4xx_HAL_Driver/Src/stm32l4xx_hal_rcc.o
                0x000000000800187c                HAL_RCC_GetPCLK2Freq
 .text.RCC_SetFlashLatencyFromMSIRange
                0x00000000080018a8       0xc0 Drivers/STM32L4xx_HAL_Driver/Src/stm32l4xx_hal_rcc.o
 .text.HAL_RCCEx_PeriphCLKConfig
                0x0000000008001968      0x5cc Drivers/STM32L4xx_HAL_Driver/Src/stm32l4xx_hal_rcc_ex.o
                0x0000000008001968                HAL_RCCEx_PeriphCLKConfig
 .text.RCCEx_PLLSAI1_Config
                0x0000000008001f34      0x1e0 Drivers/STM32L4xx_HAL_Driver/Src/stm32l4xx_hal_rcc_ex.o
 .text.RCCEx_PLLSAI2_Config
                0x0000000008002114      0x1b4 Drivers/STM32L4xx_HAL_Driver/Src/stm32l4xx_hal_rcc_ex.o
 .text.HAL_UART_Init
                0x00000000080022c8       0x9c Drivers/STM32L4xx_HAL_Driver/Src/stm32l4xx_hal_uart.o
                0x00000000080022c8                HAL_UART_Init
 .text.UART_SetConfig
                0x0000000008002364      0x690 Drivers/STM32L4xx_HAL_Driver/Src/stm32l4xx_hal_uart.o
                0x0000000008002364                UART_SetConfig
 .text.UART_AdvFeatureConfig
                0x00000000080029f4      0x144 Drivers/STM32L4xx_HAL_Driver/Src/stm32l4xx_hal_uart.o
                0x00000000080029f4                UART_AdvFeatureConfig
 .text.UART_CheckIdleState
                0x0000000008002b38       0x8a Drivers/STM32L4xx_HAL_Driver/Src/stm32l4xx_hal_uart.o
                0x0000000008002b38                UART_CheckIdleState
 .text.UART_WaitOnFlagUntilTimeout
                0x0000000008002bc2       0x90 Drivers/STM32L4xx_HAL_Driver/Src/stm32l4xx_hal_uart.o
                0x0000000008002bc2                UART_WaitOnFlagUntilTimeout
 *fill*         0x0000000008002c52        0x2 
 .text.main     0x0000000008002c54       0x24 Src/main.o
                0x0000000008002c54                main
 .text.SystemClock_Config
                0x0000000008002c78       0xea Src/main.o
                0x0000000008002c78                SystemClock_Config
 *fill*         0x0000000008002d62        0x2 
 .text.MX_USART2_UART_Init
                0x0000000008002d64       0x60 Src/main.o
 .text.MX_GPIO_Init
                0x0000000008002dc4      0x13c Src/main.o
 .text.Task_10ms
                0x0000000008002f00        0xe Src/main.o
                0x0000000008002f00                Task_10ms
 .text.Task_15ms
                0x0000000008002f0e        0xe Src/main.o
                0x0000000008002f0e                Task_15ms
 .text.PedestrianLight_Task_500ms
                0x0000000008002f1c       0x24 Src/main.o
                0x0000000008002f1c                PedestrianLight_Task_500ms
 .text.CarTrafficLight_Task_1000ms
                0x0000000008002f40      0x13c Src/main.o
                0x0000000008002f40                CarTrafficLight_Task_1000ms
 .text.Error_Handler
                0x000000000800307c        0xe Src/main.o
                0x000000000800307c                Error_Handler
 *fill*         0x000000000800308a        0x2 
 .text.HAL_MspInit
                0x000000000800308c       0x48 Src/stm32l4xx_hal_msp.o
                0x000000000800308c                HAL_MspInit
 .text.HAL_UART_MspInit
                0x00000000080030d4       0x84 Src/stm32l4xx_hal_msp.o
                0x00000000080030d4                HAL_UART_MspInit
 .text.NMI_Handler
                0x0000000008003158        0xe Src/stm32l4xx_it.o
                0x0000000008003158                NMI_Handler
 .text.HardFault_Handler
                0x0000000008003166        0x6 Src/stm32l4xx_it.o
                0x0000000008003166                HardFault_Handler
 .text.MemManage_Handler
                0x000000000800316c        0x6 Src/stm32l4xx_it.o
                0x000000000800316c                MemManage_Handler
 .text.BusFault_Handler
                0x0000000008003172        0x6 Src/stm32l4xx_it.o
                0x0000000008003172                BusFault_Handler
 .text.UsageFault_Handler
                0x0000000008003178        0x6 Src/stm32l4xx_it.o
                0x0000000008003178                UsageFault_Handler
 .text.SVC_Handler
                0x000000000800317e        0xe Src/stm32l4xx_it.o
                0x000000000800317e                SVC_Handler
 .text.DebugMon_Handler
                0x000000000800318c        0xe Src/stm32l4xx_it.o
                0x000000000800318c                DebugMon_Handler
 .text.PendSV_Handler
                0x000000000800319a        0xe Src/stm32l4xx_it.o
                0x000000000800319a                PendSV_Handler
 .text.SysTick_Handler
                0x00000000080031a8        0xc Src/stm32l4xx_it.o
                0x00000000080031a8                SysTick_Handler
 .text.EXTI15_10_IRQHandler
                0x00000000080031b4       0x1c Src/stm32l4xx_it.o
                0x00000000080031b4                EXTI15_10_IRQHandler
 .text.SystemInit
                0x00000000080031d0       0x6c Src/system_stm32l4xx.o
                0x00000000080031d0                SystemInit
 .text.Reset_Handler
                0x000000000800323c       0x50 Startup/startup_stm32l476rgtx.o
                0x000000000800323c                Reset_Handler
 .text.Default_Handler
                0x000000000800328c        0x2 Startup/startup_stm32l476rgtx.o
                0x000000000800328c                RTC_Alarm_IRQHandler
                0x000000000800328c                EXTI2_IRQHandler
                0x000000000800328c                TIM8_TRG_COM_IRQHandler
                0x000000000800328c                TIM8_CC_IRQHandler
                0x000000000800328c                TIM1_CC_IRQHandler
                0x000000000800328c                TSC_IRQHandler
                0x000000000800328c                TAMP_STAMP_IRQHandler
                0x000000000800328c                EXTI3_IRQHandler
                0x000000000800328c                LPTIM2_IRQHandler
                0x000000000800328c                DFSDM1_FLT1_IRQHandler
                0x000000000800328c                I2C3_ER_IRQHandler
                0x000000000800328c                DFSDM1_FLT2_IRQHandler
                0x000000000800328c                EXTI0_IRQHandler
                0x000000000800328c                I2C2_EV_IRQHandler
                0x000000000800328c                CAN1_RX0_IRQHandler
                0x000000000800328c                FPU_IRQHandler
                0x000000000800328c                TIM1_UP_TIM16_IRQHandler
                0x000000000800328c                ADC1_2_IRQHandler
                0x000000000800328c                SPI1_IRQHandler
                0x000000000800328c                TIM6_DAC_IRQHandler
                0x000000000800328c                TIM8_UP_IRQHandler
                0x000000000800328c                DMA2_Channel2_IRQHandler
                0x000000000800328c                DMA1_Channel4_IRQHandler
                0x000000000800328c                SAI2_IRQHandler
                0x000000000800328c                DFSDM1_FLT3_IRQHandler
                0x000000000800328c                USART3_IRQHandler
                0x000000000800328c                DMA1_Channel7_IRQHandler
                0x000000000800328c                CAN1_RX1_IRQHandler
                0x000000000800328c                LCD_IRQHandler
                0x000000000800328c                UART5_IRQHandler
                0x000000000800328c                ADC3_IRQHandler
                0x000000000800328c                TIM4_IRQHandler
                0x000000000800328c                DMA2_Channel1_IRQHandler
                0x000000000800328c                QUADSPI_IRQHandler
                0x000000000800328c                I2C1_EV_IRQHandler
                0x000000000800328c                DMA1_Channel6_IRQHandler
                0x000000000800328c                UART4_IRQHandler
                0x000000000800328c                DMA2_Channel4_IRQHandler
                0x000000000800328c                TIM3_IRQHandler
                0x000000000800328c                RCC_IRQHandler
                0x000000000800328c                DMA1_Channel1_IRQHandler
                0x000000000800328c                Default_Handler
                0x000000000800328c                DMA2_Channel7_IRQHandler
                0x000000000800328c                TIM7_IRQHandler
                0x000000000800328c                SDMMC1_IRQHandler
                0x000000000800328c                TIM5_IRQHandler
                0x000000000800328c                I2C3_EV_IRQHandler
                0x000000000800328c                EXTI9_5_IRQHandler
                0x000000000800328c                RTC_WKUP_IRQHandler
                0x000000000800328c                PVD_PVM_IRQHandler
                0x000000000800328c                SPI2_IRQHandler
                0x000000000800328c                CAN1_TX_IRQHandler
                0x000000000800328c                DMA2_Channel5_IRQHandler
                0x000000000800328c                DMA1_Channel5_IRQHandler
                0x000000000800328c                EXTI4_IRQHandler
                0x000000000800328c                RNG_IRQHandler
                0x000000000800328c                TIM1_TRG_COM_TIM17_IRQHandler
                0x000000000800328c                DMA1_Channel3_IRQHandler
                0x000000000800328c                COMP_IRQHandler
                0x000000000800328c                WWDG_IRQHandler
                0x000000000800328c                LPUART1_IRQHandler
                0x000000000800328c                DMA2_Channel6_IRQHandler
                0x000000000800328c                TIM2_IRQHandler
                0x000000000800328c                EXTI1_IRQHandler
                0x000000000800328c                USART2_IRQHandler
                0x000000000800328c                DFSDM1_FLT0_IRQHandler
                0x000000000800328c                I2C2_ER_IRQHandler
                0x000000000800328c                DMA1_Channel2_IRQHandler
                0x000000000800328c                TIM8_BRK_IRQHandler
                0x000000000800328c                CAN1_SCE_IRQHandler
                0x000000000800328c                FLASH_IRQHandler
                0x000000000800328c                USART1_IRQHandler
                0x000000000800328c                OTG_FS_IRQHandler
                0x000000000800328c                SPI3_IRQHandler
                0x000000000800328c                I2C1_ER_IRQHandler
                0x000000000800328c                FMC_IRQHandler
                0x000000000800328c                SWPMI1_IRQHandler
                0x000000000800328c                LPTIM1_IRQHandler
                0x000000000800328c                SAI1_IRQHandler
                0x000000000800328c                DMA2_Channel3_IRQHandler
                0x000000000800328c                TIM1_BRK_TIM15_IRQHandler
 *fill*         0x000000000800328e        0x2 
 .text.Sch_Init
                0x0000000008003290       0x20 scheduler/sch.o
                0x0000000008003290                Sch_Init
 .text.Sch_Main
                0x00000000080032b0       0xb8 scheduler/sch.o
                0x00000000080032b0                Sch_Main
 .text.Sys_GetTimer
                0x0000000008003368        0xe system/stm32_gcc/sys_timer.o
                0x0000000008003368                Sys_GetTimer
 *fill*         0x0000000008003376        0x2 
 .text.__libc_init_array
                0x0000000008003378       0x48 d:/programs/stm32cubeide_1.0.2/stm32cubeide/plugins/com.st.stm32cube.ide.mcu.externaltools.gnu-tools-for-stm32.7-2018-q2-update.win32_1.0.0.201904181610/tools/bin/../lib/gcc/arm-none-eabi/7.3.1/../../../../arm-none-eabi/lib/thumb/v7e-m/fpv4-sp/hard\libc_nano.a(lib_a-init.o)
                0x0000000008003378                __libc_init_array
 .text.memset   0x00000000080033c0       0x10 d:/programs/stm32cubeide_1.0.2/stm32cubeide/plugins/com.st.stm32cube.ide.mcu.externaltools.gnu-tools-for-stm32.7-2018-q2-update.win32_1.0.0.201904181610/tools/bin/../lib/gcc/arm-none-eabi/7.3.1/../../../../arm-none-eabi/lib/thumb/v7e-m/fpv4-sp/hard\libc_nano.a(lib_a-memset.o)
                0x00000000080033c0                memset
 *(.glue_7)
 .glue_7        0x00000000080033d0        0x0 linker stubs
 *(.glue_7t)
 .glue_7t       0x00000000080033d0        0x0 linker stubs
 *(.eh_frame)
 .eh_frame      0x00000000080033d0        0x0 d:/programs/stm32cubeide_1.0.2/stm32cubeide/plugins/com.st.stm32cube.ide.mcu.externaltools.gnu-tools-for-stm32.7-2018-q2-update.win32_1.0.0.201904181610/tools/bin/../lib/gcc/arm-none-eabi/7.3.1/thumb/v7e-m/fpv4-sp/hard/crtbegin.o
 *(.init)
 .init          0x00000000080033d0        0x4 d:/programs/stm32cubeide_1.0.2/stm32cubeide/plugins/com.st.stm32cube.ide.mcu.externaltools.gnu-tools-for-stm32.7-2018-q2-update.win32_1.0.0.201904181610/tools/bin/../lib/gcc/arm-none-eabi/7.3.1/thumb/v7e-m/fpv4-sp/hard/crti.o
                0x00000000080033d0                _init
 .init          0x00000000080033d4        0x8 d:/programs/stm32cubeide_1.0.2/stm32cubeide/plugins/com.st.stm32cube.ide.mcu.externaltools.gnu-tools-for-stm32.7-2018-q2-update.win32_1.0.0.201904181610/tools/bin/../lib/gcc/arm-none-eabi/7.3.1/thumb/v7e-m/fpv4-sp/hard/crtn.o
 *(.fini)
 .fini          0x00000000080033dc        0x4 d:/programs/stm32cubeide_1.0.2/stm32cubeide/plugins/com.st.stm32cube.ide.mcu.externaltools.gnu-tools-for-stm32.7-2018-q2-update.win32_1.0.0.201904181610/tools/bin/../lib/gcc/arm-none-eabi/7.3.1/thumb/v7e-m/fpv4-sp/hard/crti.o
                0x00000000080033dc                _fini
 .fini          0x00000000080033e0        0x8 d:/programs/stm32cubeide_1.0.2/stm32cubeide/plugins/com.st.stm32cube.ide.mcu.externaltools.gnu-tools-for-stm32.7-2018-q2-update.win32_1.0.0.201904181610/tools/bin/../lib/gcc/arm-none-eabi/7.3.1/thumb/v7e-m/fpv4-sp/hard/crtn.o
                0x00000000080033e8                . = ALIGN (0x4)
                0x00000000080033e8                _etext = .

.vfp11_veneer   0x00000000080033e8        0x0
 .vfp11_veneer  0x00000000080033e8        0x0 linker stubs

.v4_bx          0x00000000080033e8        0x0
 .v4_bx         0x00000000080033e8        0x0 linker stubs

.iplt           0x00000000080033e8        0x0
 .iplt          0x00000000080033e8        0x0 d:/programs/stm32cubeide_1.0.2/stm32cubeide/plugins/com.st.stm32cube.ide.mcu.externaltools.gnu-tools-for-stm32.7-2018-q2-update.win32_1.0.0.201904181610/tools/bin/../lib/gcc/arm-none-eabi/7.3.1/thumb/v7e-m/fpv4-sp/hard/crtbegin.o

.rodata         0x00000000080033e8       0x48
                0x00000000080033e8                . = ALIGN (0x4)
 *(.rodata)
 *(.rodata*)
 .rodata.AHBPrescTable
                0x00000000080033e8       0x10 Src/system_stm32l4xx.o
                0x00000000080033e8                AHBPrescTable
 .rodata.APBPrescTable
                0x00000000080033f8        0x8 Src/system_stm32l4xx.o
                0x00000000080033f8                APBPrescTable
 .rodata.MSIRangeTable
                0x0000000008003400       0x30 Src/system_stm32l4xx.o
                0x0000000008003400                MSIRangeTable
                0x0000000008003430                . = ALIGN (0x4)

.ARM.extab      0x0000000008003430        0x0
                0x0000000008003430                . = ALIGN (0x4)
 *(.ARM.extab* .gnu.linkonce.armextab.*)
                0x0000000008003430                . = ALIGN (0x4)

.ARM            0x0000000008003430        0x8
                0x0000000008003430                . = ALIGN (0x4)
                0x0000000008003430                __exidx_start = .
 *(.ARM.exidx*)
 .ARM.exidx     0x0000000008003430        0x8 d:/programs/stm32cubeide_1.0.2/stm32cubeide/plugins/com.st.stm32cube.ide.mcu.externaltools.gnu-tools-for-stm32.7-2018-q2-update.win32_1.0.0.201904181610/tools/bin/../lib/gcc/arm-none-eabi/7.3.1/thumb/v7e-m/fpv4-sp/hard\libgcc.a(_udivmoddi4.o)
                0x0000000008003438                __exidx_end = .
                0x0000000008003438                . = ALIGN (0x4)

.rel.dyn        0x0000000008003438        0x0
 .rel.iplt      0x0000000008003438        0x0 d:/programs/stm32cubeide_1.0.2/stm32cubeide/plugins/com.st.stm32cube.ide.mcu.externaltools.gnu-tools-for-stm32.7-2018-q2-update.win32_1.0.0.201904181610/tools/bin/../lib/gcc/arm-none-eabi/7.3.1/thumb/v7e-m/fpv4-sp/hard/crtbegin.o

.preinit_array  0x0000000008003438        0x0
                0x0000000008003438                . = ALIGN (0x4)
                0x0000000008003438                PROVIDE (__preinit_array_start = .)
 *(.preinit_array*)
                0x0000000008003438                PROVIDE (__preinit_array_end = .)
                0x0000000008003438                . = ALIGN (0x4)

.init_array     0x0000000008003438        0x4
                0x0000000008003438                . = ALIGN (0x4)
                0x0000000008003438                PROVIDE (__init_array_start = .)
 *(SORT_BY_NAME(.init_array.*))
 *(.init_array*)
 .init_array    0x0000000008003438        0x4 d:/programs/stm32cubeide_1.0.2/stm32cubeide/plugins/com.st.stm32cube.ide.mcu.externaltools.gnu-tools-for-stm32.7-2018-q2-update.win32_1.0.0.201904181610/tools/bin/../lib/gcc/arm-none-eabi/7.3.1/thumb/v7e-m/fpv4-sp/hard/crtbegin.o
                0x000000000800343c                PROVIDE (__init_array_end = .)
                0x000000000800343c                . = ALIGN (0x4)

.fini_array     0x000000000800343c        0x4
                0x000000000800343c                . = ALIGN (0x4)
                [!provide]                        PROVIDE (__fini_array_start = .)
 *(SORT_BY_NAME(.fini_array.*))
 *(.fini_array*)
 .fini_array    0x000000000800343c        0x4 d:/programs/stm32cubeide_1.0.2/stm32cubeide/plugins/com.st.stm32cube.ide.mcu.externaltools.gnu-tools-for-stm32.7-2018-q2-update.win32_1.0.0.201904181610/tools/bin/../lib/gcc/arm-none-eabi/7.3.1/thumb/v7e-m/fpv4-sp/hard/crtbegin.o
                [!provide]                        PROVIDE (__fini_array_end = .)
                0x0000000008003440                . = ALIGN (0x4)
                0x0000000008003440                _sidata = LOADADDR (.data)

.data           0x0000000020000000       0x48 load address 0x0000000008003440
                0x0000000020000000                . = ALIGN (0x4)
                0x0000000020000000                _sdata = .
 *(.data)
 *(.data*)
 .data.uwTickPrio
                0x0000000020000000        0x4 Drivers/STM32L4xx_HAL_Driver/Src/stm32l4xx_hal.o
                0x0000000020000000                uwTickPrio
 .data.uwTickFreq
                0x0000000020000004        0x4 Drivers/STM32L4xx_HAL_Driver/Src/stm32l4xx_hal.o
                0x0000000020000004                uwTickFreq
 .data.CL_state
                0x0000000020000008        0x1 Src/main.o
 *fill*         0x0000000020000009        0x3 
 .data.SystemCoreClock
                0x000000002000000c        0x4 Src/system_stm32l4xx.o
                0x000000002000000c                SystemCoreClock
 .data.tasks    0x0000000020000010       0x30 scheduler/sch_cfg.o
 .data.Sch_Cfg  0x0000000020000040        0x8 scheduler/sch_cfg.o
                0x0000000020000040                Sch_Cfg
                0x0000000020000048                . = ALIGN (0x4)
                0x0000000020000048                _edata = .

.igot.plt       0x0000000020000048        0x0 load address 0x0000000008003488
 .igot.plt      0x0000000020000048        0x0 d:/programs/stm32cubeide_1.0.2/stm32cubeide/plugins/com.st.stm32cube.ide.mcu.externaltools.gnu-tools-for-stm32.7-2018-q2-update.win32_1.0.0.201904181610/tools/bin/../lib/gcc/arm-none-eabi/7.3.1/thumb/v7e-m/fpv4-sp/hard/crtbegin.o
                0x0000000020000048                . = ALIGN (0x4)

.bss            0x0000000020000048       0xb0 load address 0x0000000008003488
                0x0000000020000048                _sbss = .
                0x0000000020000048                __bss_start__ = _sbss
 *(.bss)
 .bss           0x0000000020000048       0x1c d:/programs/stm32cubeide_1.0.2/stm32cubeide/plugins/com.st.stm32cube.ide.mcu.externaltools.gnu-tools-for-stm32.7-2018-q2-update.win32_1.0.0.201904181610/tools/bin/../lib/gcc/arm-none-eabi/7.3.1/thumb/v7e-m/fpv4-sp/hard/crtbegin.o
 *(.bss*)
 .bss.CL_cycle_count.8189
                0x0000000020000064        0x1 Src/main.o
 .bss.CL_state_count.8188
                0x0000000020000065        0x1 Src/main.o
 *fill*         0x0000000020000066        0x2 
 .bss.Sch_Cfg_Ptr
                0x0000000020000068        0x4 scheduler/sch.o
 *(COMMON)
 COMMON         0x000000002000006c        0x4 Drivers/STM32L4xx_HAL_Driver/Src/stm32l4xx_hal.o
                0x000000002000006c                uwTick
 COMMON         0x0000000020000070       0x80 Src/main.o
                0x0000000020000070                huart2
 COMMON         0x00000000200000f0        0x5 signal/sig_cfg.o
                0x00000000200000f0                sig_xxx
                0x00000000200000f2                sig_light
                0x00000000200000f3                sig_red_light
                0x00000000200000f4                sig_pedestrian_request
                0x00000000200000f8                . = ALIGN (0x4)
 *fill*         0x00000000200000f5        0x3 
                0x00000000200000f8                _ebss = .
                0x00000000200000f8                __bss_end__ = _ebss

._user_heap_stack
                0x00000000200000f8      0x600 load address 0x0000000008003488
                0x00000000200000f8                . = ALIGN (0x8)
                0x00000000200000f8                PROVIDE (end = .)
                [!provide]                        PROVIDE (_end = .)
                0x00000000200002f8                . = (. + _Min_Heap_Size)
 *fill*         0x00000000200000f8      0x200 
                0x00000000200006f8                . = (. + _Min_Stack_Size)
 *fill*         0x00000000200002f8      0x400 
                0x00000000200006f8                . = ALIGN (0x8)

/DISCARD/
 libc.a(*)
 libm.a(*)
 libgcc.a(*)

.ARM.attributes
                0x0000000000000000       0x30
 *(.ARM.attributes)
 .ARM.attributes
                0x0000000000000000       0x22 d:/programs/stm32cubeide_1.0.2/stm32cubeide/plugins/com.st.stm32cube.ide.mcu.externaltools.gnu-tools-for-stm32.7-2018-q2-update.win32_1.0.0.201904181610/tools/bin/../lib/gcc/arm-none-eabi/7.3.1/thumb/v7e-m/fpv4-sp/hard/crti.o
 .ARM.attributes
                0x0000000000000022       0x34 d:/programs/stm32cubeide_1.0.2/stm32cubeide/plugins/com.st.stm32cube.ide.mcu.externaltools.gnu-tools-for-stm32.7-2018-q2-update.win32_1.0.0.201904181610/tools/bin/../lib/gcc/arm-none-eabi/7.3.1/thumb/v7e-m/fpv4-sp/hard/crtbegin.o
 .ARM.attributes
                0x0000000000000056       0x39 CarLight/stm32_gcc/CarLight.o
 .ARM.attributes
                0x000000000000008f       0x39 Drivers/STM32L4xx_HAL_Driver/Src/stm32l4xx_hal.o
 .ARM.attributes
                0x00000000000000c8       0x39 Drivers/STM32L4xx_HAL_Driver/Src/stm32l4xx_hal_cortex.o
 .ARM.attributes
                0x0000000000000101       0x39 Drivers/STM32L4xx_HAL_Driver/Src/stm32l4xx_hal_gpio.o
 .ARM.attributes
                0x000000000000013a       0x39 Drivers/STM32L4xx_HAL_Driver/Src/stm32l4xx_hal_pwr_ex.o
 .ARM.attributes
                0x0000000000000173       0x39 Drivers/STM32L4xx_HAL_Driver/Src/stm32l4xx_hal_rcc.o
 .ARM.attributes
                0x00000000000001ac       0x39 Drivers/STM32L4xx_HAL_Driver/Src/stm32l4xx_hal_rcc_ex.o
 .ARM.attributes
                0x00000000000001e5       0x39 Drivers/STM32L4xx_HAL_Driver/Src/stm32l4xx_hal_uart.o
 .ARM.attributes
                0x000000000000021e       0x39 Src/main.o
 .ARM.attributes
                0x0000000000000257       0x39 Src/stm32l4xx_hal_msp.o
 .ARM.attributes
                0x0000000000000290       0x39 Src/stm32l4xx_it.o
 .ARM.attributes
                0x00000000000002c9       0x39 Src/system_stm32l4xx.o
 .ARM.attributes
                0x0000000000000302       0x21 Startup/startup_stm32l476rgtx.o
 .ARM.attributes
                0x0000000000000323       0x39 scheduler/sch.o
 .ARM.attributes
                0x000000000000035c       0x39 scheduler/sch_cfg.o
 .ARM.attributes
                0x0000000000000395       0x39 signal/sig_cfg.o
 .ARM.attributes
                0x00000000000003ce       0x39 system/stm32_gcc/sys_timer.o
 .ARM.attributes
                0x0000000000000407       0x34 d:/programs/stm32cubeide_1.0.2/stm32cubeide/plugins/com.st.stm32cube.ide.mcu.externaltools.gnu-tools-for-stm32.7-2018-q2-update.win32_1.0.0.201904181610/tools/bin/../lib/gcc/arm-none-eabi/7.3.1/../../../../arm-none-eabi/lib/thumb/v7e-m/fpv4-sp/hard\libc_nano.a(lib_a-init.o)
 .ARM.attributes
                0x000000000000043b       0x34 d:/programs/stm32cubeide_1.0.2/stm32cubeide/plugins/com.st.stm32cube.ide.mcu.externaltools.gnu-tools-for-stm32.7-2018-q2-update.win32_1.0.0.201904181610/tools/bin/../lib/gcc/arm-none-eabi/7.3.1/../../../../arm-none-eabi/lib/thumb/v7e-m/fpv4-sp/hard\libc_nano.a(lib_a-memset.o)
 .ARM.attributes
                0x000000000000046f       0x22 d:/programs/stm32cubeide_1.0.2/stm32cubeide/plugins/com.st.stm32cube.ide.mcu.externaltools.gnu-tools-for-stm32.7-2018-q2-update.win32_1.0.0.201904181610/tools/bin/../lib/gcc/arm-none-eabi/7.3.1/thumb/v7e-m/fpv4-sp/hard\libgcc.a(_aeabi_uldivmod.o)
 .ARM.attributes
                0x0000000000000491       0x34 d:/programs/stm32cubeide_1.0.2/stm32cubeide/plugins/com.st.stm32cube.ide.mcu.externaltools.gnu-tools-for-stm32.7-2018-q2-update.win32_1.0.0.201904181610/tools/bin/../lib/gcc/arm-none-eabi/7.3.1/thumb/v7e-m/fpv4-sp/hard\libgcc.a(_udivmoddi4.o)
 .ARM.attributes
                0x00000000000004c5       0x22 d:/programs/stm32cubeide_1.0.2/stm32cubeide/plugins/com.st.stm32cube.ide.mcu.externaltools.gnu-tools-for-stm32.7-2018-q2-update.win32_1.0.0.201904181610/tools/bin/../lib/gcc/arm-none-eabi/7.3.1/thumb/v7e-m/fpv4-sp/hard\libgcc.a(_dvmd_tls.o)
 .ARM.attributes
                0x00000000000004e7       0x22 d:/programs/stm32cubeide_1.0.2/stm32cubeide/plugins/com.st.stm32cube.ide.mcu.externaltools.gnu-tools-for-stm32.7-2018-q2-update.win32_1.0.0.201904181610/tools/bin/../lib/gcc/arm-none-eabi/7.3.1/thumb/v7e-m/fpv4-sp/hard/crtn.o
OUTPUT(Traffic_Light_1.elf elf32-littlearm)

.debug_info     0x0000000000000000     0x9771
 .debug_info    0x0000000000000000      0x3f9 CarLight/stm32_gcc/CarLight.o
 .debug_info    0x00000000000003f9      0xcee Drivers/STM32L4xx_HAL_Driver/Src/stm32l4xx_hal.o
 .debug_info    0x00000000000010e7      0xf3c Drivers/STM32L4xx_HAL_Driver/Src/stm32l4xx_hal_cortex.o
 .debug_info    0x0000000000002023      0x982 Drivers/STM32L4xx_HAL_Driver/Src/stm32l4xx_hal_gpio.o
 .debug_info    0x00000000000029a5      0xada Drivers/STM32L4xx_HAL_Driver/Src/stm32l4xx_hal_pwr_ex.o
 .debug_info    0x000000000000347f      0xcfe Drivers/STM32L4xx_HAL_Driver/Src/stm32l4xx_hal_rcc.o
 .debug_info    0x000000000000417d      0xf10 Drivers/STM32L4xx_HAL_Driver/Src/stm32l4xx_hal_rcc_ex.o
 .debug_info    0x000000000000508d     0x1776 Drivers/STM32L4xx_HAL_Driver/Src/stm32l4xx_hal_uart.o
 .debug_info    0x0000000000006803     0x12c0 Src/main.o
 .debug_info    0x0000000000007ac3      0xb71 Src/stm32l4xx_hal_msp.o
 .debug_info    0x0000000000008634      0x36b Src/stm32l4xx_it.o
 .debug_info    0x000000000000899f      0x6f6 Src/system_stm32l4xx.o
 .debug_info    0x0000000000009095       0x22 Startup/startup_stm32l476rgtx.o
 .debug_info    0x00000000000090b7      0x1de scheduler/sch.o
 .debug_info    0x0000000000009295      0x154 scheduler/sch_cfg.o
 .debug_info    0x00000000000093e9       0xf4 signal/sig_cfg.o
 .debug_info    0x00000000000094dd      0x294 system/stm32_gcc/sys_timer.o

.debug_abbrev   0x0000000000000000     0x18c6
 .debug_abbrev  0x0000000000000000      0x13c CarLight/stm32_gcc/CarLight.o
 .debug_abbrev  0x000000000000013c      0x1fb Drivers/STM32L4xx_HAL_Driver/Src/stm32l4xx_hal.o
 .debug_abbrev  0x0000000000000337      0x2fa Drivers/STM32L4xx_HAL_Driver/Src/stm32l4xx_hal_cortex.o
 .debug_abbrev  0x0000000000000631      0x1c0 Drivers/STM32L4xx_HAL_Driver/Src/stm32l4xx_hal_gpio.o
 .debug_abbrev  0x00000000000007f1      0x1cb Drivers/STM32L4xx_HAL_Driver/Src/stm32l4xx_hal_pwr_ex.o
 .debug_abbrev  0x00000000000009bc      0x245 Drivers/STM32L4xx_HAL_Driver/Src/stm32l4xx_hal_rcc.o
 .debug_abbrev  0x0000000000000c01      0x238 Drivers/STM32L4xx_HAL_Driver/Src/stm32l4xx_hal_rcc_ex.o
 .debug_abbrev  0x0000000000000e39      0x205 Drivers/STM32L4xx_HAL_Driver/Src/stm32l4xx_hal_uart.o
 .debug_abbrev  0x000000000000103e      0x227 Src/main.o
 .debug_abbrev  0x0000000000001265      0x18c Src/stm32l4xx_hal_msp.o
 .debug_abbrev  0x00000000000013f1       0xe2 Src/stm32l4xx_it.o
 .debug_abbrev  0x00000000000014d3      0x150 Src/system_stm32l4xx.o
 .debug_abbrev  0x0000000000001623       0x12 Startup/startup_stm32l476rgtx.o
 .debug_abbrev  0x0000000000001635       0xd0 scheduler/sch.o
 .debug_abbrev  0x0000000000001705       0xa1 scheduler/sch_cfg.o
 .debug_abbrev  0x00000000000017a6       0x54 signal/sig_cfg.o
 .debug_abbrev  0x00000000000017fa       0xcc system/stm32_gcc/sys_timer.o

.debug_aranges  0x0000000000000000      0x910
 .debug_aranges
                0x0000000000000000       0x28 CarLight/stm32_gcc/CarLight.o
 .debug_aranges
                0x0000000000000028      0x130 Drivers/STM32L4xx_HAL_Driver/Src/stm32l4xx_hal.o
 .debug_aranges
                0x0000000000000158      0x118 Drivers/STM32L4xx_HAL_Driver/Src/stm32l4xx_hal_cortex.o
 .debug_aranges
                0x0000000000000270       0x58 Drivers/STM32L4xx_HAL_Driver/Src/stm32l4xx_hal_gpio.o
 .debug_aranges
                0x00000000000002c8      0x148 Drivers/STM32L4xx_HAL_Driver/Src/stm32l4xx_hal_pwr_ex.o
 .debug_aranges
                0x0000000000000410       0x88 Drivers/STM32L4xx_HAL_Driver/Src/stm32l4xx_hal_rcc.o
 .debug_aranges
                0x0000000000000498       0xc0 Drivers/STM32L4xx_HAL_Driver/Src/stm32l4xx_hal_rcc_ex.o
 .debug_aranges
                0x0000000000000558      0x1f8 Drivers/STM32L4xx_HAL_Driver/Src/stm32l4xx_hal_uart.o
 .debug_aranges
                0x0000000000000750       0x60 Src/main.o
 .debug_aranges
                0x00000000000007b0       0x30 Src/stm32l4xx_hal_msp.o
 .debug_aranges
                0x00000000000007e0       0x68 Src/stm32l4xx_it.o
 .debug_aranges
                0x0000000000000848       0x28 Src/system_stm32l4xx.o
 .debug_aranges
                0x0000000000000870       0x28 Startup/startup_stm32l476rgtx.o
 .debug_aranges
                0x0000000000000898       0x28 scheduler/sch.o
 .debug_aranges
                0x00000000000008c0       0x18 scheduler/sch_cfg.o
 .debug_aranges
                0x00000000000008d8       0x18 signal/sig_cfg.o
 .debug_aranges
                0x00000000000008f0       0x20 system/stm32_gcc/sys_timer.o

.debug_ranges   0x0000000000000000      0x7f8
 .debug_ranges  0x0000000000000000       0x18 CarLight/stm32_gcc/CarLight.o
 .debug_ranges  0x0000000000000018      0x120 Drivers/STM32L4xx_HAL_Driver/Src/stm32l4xx_hal.o
 .debug_ranges  0x0000000000000138      0x108 Drivers/STM32L4xx_HAL_Driver/Src/stm32l4xx_hal_cortex.o
 .debug_ranges  0x0000000000000240       0x48 Drivers/STM32L4xx_HAL_Driver/Src/stm32l4xx_hal_gpio.o
 .debug_ranges  0x0000000000000288      0x138 Drivers/STM32L4xx_HAL_Driver/Src/stm32l4xx_hal_pwr_ex.o
 .debug_ranges  0x00000000000003c0       0x78 Drivers/STM32L4xx_HAL_Driver/Src/stm32l4xx_hal_rcc.o
 .debug_ranges  0x0000000000000438       0xb0 Drivers/STM32L4xx_HAL_Driver/Src/stm32l4xx_hal_rcc_ex.o
 .debug_ranges  0x00000000000004e8      0x1e8 Drivers/STM32L4xx_HAL_Driver/Src/stm32l4xx_hal_uart.o
 .debug_ranges  0x00000000000006d0       0x50 Src/main.o
 .debug_ranges  0x0000000000000720       0x20 Src/stm32l4xx_hal_msp.o
 .debug_ranges  0x0000000000000740       0x58 Src/stm32l4xx_it.o
 .debug_ranges  0x0000000000000798       0x18 Src/system_stm32l4xx.o
 .debug_ranges  0x00000000000007b0       0x20 Startup/startup_stm32l476rgtx.o
 .debug_ranges  0x00000000000007d0       0x18 scheduler/sch.o
 .debug_ranges  0x00000000000007e8       0x10 system/stm32_gcc/sys_timer.o

.debug_macro    0x0000000000000000    0x25433
 .debug_macro   0x0000000000000000      0x1f7 CarLight/stm32_gcc/CarLight.o
 .debug_macro   0x00000000000001f7      0xa60 CarLight/stm32_gcc/CarLight.o
 .debug_macro   0x0000000000000c57       0xba CarLight/stm32_gcc/CarLight.o
 .debug_macro   0x0000000000000d11       0x2e CarLight/stm32_gcc/CarLight.o
 .debug_macro   0x0000000000000d3f       0x28 CarLight/stm32_gcc/CarLight.o
 .debug_macro   0x0000000000000d67       0x22 CarLight/stm32_gcc/CarLight.o
 .debug_macro   0x0000000000000d89       0x8e CarLight/stm32_gcc/CarLight.o
 .debug_macro   0x0000000000000e17       0x51 CarLight/stm32_gcc/CarLight.o
 .debug_macro   0x0000000000000e68       0xef CarLight/stm32_gcc/CarLight.o
 .debug_macro   0x0000000000000f57       0x6a CarLight/stm32_gcc/CarLight.o
 .debug_macro   0x0000000000000fc1      0x1df CarLight/stm32_gcc/CarLight.o
 .debug_macro   0x00000000000011a0       0x1c CarLight/stm32_gcc/CarLight.o
 .debug_macro   0x00000000000011bc       0x22 CarLight/stm32_gcc/CarLight.o
 .debug_macro   0x00000000000011de       0xdf CarLight/stm32_gcc/CarLight.o
 .debug_macro   0x00000000000012bd     0x102d CarLight/stm32_gcc/CarLight.o
 .debug_macro   0x00000000000022ea      0x11f CarLight/stm32_gcc/CarLight.o
 .debug_macro   0x0000000000002409    0x1a11f CarLight/stm32_gcc/CarLight.o
 .debug_macro   0x000000000001c528       0x43 CarLight/stm32_gcc/CarLight.o
 .debug_macro   0x000000000001c56b     0x3820 CarLight/stm32_gcc/CarLight.o
 .debug_macro   0x000000000001fd8b      0x174 CarLight/stm32_gcc/CarLight.o
 .debug_macro   0x000000000001feff       0x5a CarLight/stm32_gcc/CarLight.o
 .debug_macro   0x000000000001ff59     0x155f CarLight/stm32_gcc/CarLight.o
 .debug_macro   0x00000000000214b8      0x59e CarLight/stm32_gcc/CarLight.o
 .debug_macro   0x0000000000021a56      0x241 CarLight/stm32_gcc/CarLight.o
 .debug_macro   0x0000000000021c97      0x13d CarLight/stm32_gcc/CarLight.o
 .debug_macro   0x0000000000021dd4      0x18b CarLight/stm32_gcc/CarLight.o
 .debug_macro   0x0000000000021f5f      0x26b CarLight/stm32_gcc/CarLight.o
 .debug_macro   0x00000000000221ca      0x236 CarLight/stm32_gcc/CarLight.o
 .debug_macro   0x0000000000022400      0x36e CarLight/stm32_gcc/CarLight.o
 .debug_macro   0x000000000002276e       0xe4 CarLight/stm32_gcc/CarLight.o
 .debug_macro   0x0000000000022852      0x22c CarLight/stm32_gcc/CarLight.o
 .debug_macro   0x0000000000022a7e       0x5e CarLight/stm32_gcc/CarLight.o
 .debug_macro   0x0000000000022adc       0xa5 CarLight/stm32_gcc/CarLight.o
 .debug_macro   0x0000000000022b81      0x122 CarLight/stm32_gcc/CarLight.o
 .debug_macro   0x0000000000022ca3      0x3d4 CarLight/stm32_gcc/CarLight.o
 .debug_macro   0x0000000000023077      0x57b CarLight/stm32_gcc/CarLight.o
 .debug_macro   0x00000000000235f2       0x44 CarLight/stm32_gcc/CarLight.o
 .debug_macro   0x0000000000023636      0x349 CarLight/stm32_gcc/CarLight.o
 .debug_macro   0x000000000002397f       0xa6 CarLight/stm32_gcc/CarLight.o
 .debug_macro   0x0000000000023a25       0x16 CarLight/stm32_gcc/CarLight.o
 .debug_macro   0x0000000000023a3b      0x223 Drivers/STM32L4xx_HAL_Driver/Src/stm32l4xx_hal.o
 .debug_macro   0x0000000000023c5e      0x1d5 Drivers/STM32L4xx_HAL_Driver/Src/stm32l4xx_hal_cortex.o
 .debug_macro   0x0000000000023e33      0x214 Drivers/STM32L4xx_HAL_Driver/Src/stm32l4xx_hal_gpio.o
 .debug_macro   0x0000000000024047      0x1f9 Drivers/STM32L4xx_HAL_Driver/Src/stm32l4xx_hal_pwr_ex.o
 .debug_macro   0x0000000000024240      0x217 Drivers/STM32L4xx_HAL_Driver/Src/stm32l4xx_hal_rcc.o
 .debug_macro   0x0000000000024457      0x20b Drivers/STM32L4xx_HAL_Driver/Src/stm32l4xx_hal_rcc_ex.o
 .debug_macro   0x0000000000024662      0x200 Drivers/STM32L4xx_HAL_Driver/Src/stm32l4xx_hal_uart.o
 .debug_macro   0x0000000000024862      0x23a Src/main.o
 .debug_macro   0x0000000000024a9c       0x64 Src/main.o
 .debug_macro   0x0000000000024b00      0x1e4 Src/stm32l4xx_hal_msp.o
 .debug_macro   0x0000000000024ce4      0x204 Src/stm32l4xx_it.o
 .debug_macro   0x0000000000024ee8      0x1db Src/system_stm32l4xx.o
 .debug_macro   0x00000000000250c3       0x95 scheduler/sch.o
 .debug_macro   0x0000000000025158       0x7a scheduler/sch_cfg.o
 .debug_macro   0x00000000000251d2       0x75 signal/sig_cfg.o
 .debug_macro   0x0000000000025247      0x1ec system/stm32_gcc/sys_timer.o

.debug_line     0x0000000000000000     0x8b0b
 .debug_line    0x0000000000000000      0x79c CarLight/stm32_gcc/CarLight.o
 .debug_line    0x000000000000079c      0x98e Drivers/STM32L4xx_HAL_Driver/Src/stm32l4xx_hal.o
 .debug_line    0x000000000000112a      0xa18 Drivers/STM32L4xx_HAL_Driver/Src/stm32l4xx_hal_cortex.o
 .debug_line    0x0000000000001b42      0x8ad Drivers/STM32L4xx_HAL_Driver/Src/stm32l4xx_hal_gpio.o
 .debug_line    0x00000000000023ef      0xa8b Drivers/STM32L4xx_HAL_Driver/Src/stm32l4xx_hal_pwr_ex.o
 .debug_line    0x0000000000002e7a      0x9f4 Drivers/STM32L4xx_HAL_Driver/Src/stm32l4xx_hal_rcc.o
 .debug_line    0x000000000000386e      0xc75 Drivers/STM32L4xx_HAL_Driver/Src/stm32l4xx_hal_rcc_ex.o
 .debug_line    0x00000000000044e3     0x1208 Drivers/STM32L4xx_HAL_Driver/Src/stm32l4xx_hal_uart.o
 .debug_line    0x00000000000056eb      0x925 Src/main.o
 .debug_line    0x0000000000006010      0x719 Src/stm32l4xx_hal_msp.o
 .debug_line    0x0000000000006729      0x81b Src/stm32l4xx_it.o
 .debug_line    0x0000000000006f44      0x715 Src/system_stm32l4xx.o
 .debug_line    0x0000000000007659       0x80 Startup/startup_stm32l476rgtx.o
 .debug_line    0x00000000000076d9      0x4ba scheduler/sch.o
 .debug_line    0x0000000000007b93      0x414 scheduler/sch_cfg.o
 .debug_line    0x0000000000007fa7      0x405 signal/sig_cfg.o
 .debug_line    0x00000000000083ac      0x75f system/stm32_gcc/sys_timer.o

.debug_str      0x0000000000000000    0xe49f2
 .debug_str     0x0000000000000000    0xe179f CarLight/stm32_gcc/CarLight.o
                                      0xe1a54 (size before relaxing)
 .debug_str     0x00000000000e179f      0xbc0 Drivers/STM32L4xx_HAL_Driver/Src/stm32l4xx_hal.o
                                      0xe23a3 (size before relaxing)
 .debug_str     0x00000000000e235f      0x3e6 Drivers/STM32L4xx_HAL_Driver/Src/stm32l4xx_hal_cortex.o
                                      0xe20b3 (size before relaxing)
 .debug_str     0x00000000000e2745      0x263 Drivers/STM32L4xx_HAL_Driver/Src/stm32l4xx_hal_gpio.o
                                      0xe1adf (size before relaxing)
 .debug_str     0x00000000000e29a8      0x487 Drivers/STM32L4xx_HAL_Driver/Src/stm32l4xx_hal_pwr_ex.o
                                      0xe1d4e (size before relaxing)
 .debug_str     0x00000000000e2e2f      0x4c6 Drivers/STM32L4xx_HAL_Driver/Src/stm32l4xx_hal_rcc.o
                                      0xe1e22 (size before relaxing)
 .debug_str     0x00000000000e32f5      0x600 Drivers/STM32L4xx_HAL_Driver/Src/stm32l4xx_hal_rcc_ex.o
                                      0xe1fb3 (size before relaxing)
 .debug_str     0x00000000000e38f5      0xb5e Drivers/STM32L4xx_HAL_Driver/Src/stm32l4xx_hal_uart.o
                                      0xe23b9 (size before relaxing)
 .debug_str     0x00000000000e4453      0x390 Src/main.o
                                      0xe2bbe (size before relaxing)
 .debug_str     0x00000000000e47e3       0x1b Src/stm32l4xx_hal_msp.o
                                      0xe1ecc (size before relaxing)
 .debug_str     0x00000000000e47fe       0xcd Src/stm32l4xx_it.o
                                      0xe1cb4 (size before relaxing)
 .debug_str     0x00000000000e48cb       0x50 Src/system_stm32l4xx.o
                                      0xe185b (size before relaxing)
 .debug_str     0x00000000000e491b       0x31 Startup/startup_stm32l476rgtx.o
                                         0x59 (size before relaxing)
 .debug_str     0x00000000000e494c       0x4e scheduler/sch.o
                                       0x3f71 (size before relaxing)
 .debug_str     0x00000000000e499a       0x17 scheduler/sch_cfg.o
                                       0x3caa (size before relaxing)
 .debug_str     0x00000000000e49b1       0x14 signal/sig_cfg.o
                                       0x3ec3 (size before relaxing)
 .debug_str     0x00000000000e49c5       0x2d system/stm32_gcc/sys_timer.o
                                      0xe16aa (size before relaxing)

.comment        0x0000000000000000       0x7b
 .comment       0x0000000000000000       0x7b CarLight/stm32_gcc/CarLight.o
                                         0x7c (size before relaxing)
 .comment       0x000000000000007b       0x7c Drivers/STM32L4xx_HAL_Driver/Src/stm32l4xx_hal.o
 .comment       0x000000000000007b       0x7c Drivers/STM32L4xx_HAL_Driver/Src/stm32l4xx_hal_cortex.o
 .comment       0x000000000000007b       0x7c Drivers/STM32L4xx_HAL_Driver/Src/stm32l4xx_hal_gpio.o
 .comment       0x000000000000007b       0x7c Drivers/STM32L4xx_HAL_Driver/Src/stm32l4xx_hal_pwr_ex.o
 .comment       0x000000000000007b       0x7c Drivers/STM32L4xx_HAL_Driver/Src/stm32l4xx_hal_rcc.o
 .comment       0x000000000000007b       0x7c Drivers/STM32L4xx_HAL_Driver/Src/stm32l4xx_hal_rcc_ex.o
 .comment       0x000000000000007b       0x7c Drivers/STM32L4xx_HAL_Driver/Src/stm32l4xx_hal_uart.o
 .comment       0x000000000000007b       0x7c Src/main.o
 .comment       0x000000000000007b       0x7c Src/stm32l4xx_hal_msp.o
 .comment       0x000000000000007b       0x7c Src/stm32l4xx_it.o
 .comment       0x000000000000007b       0x7c Src/system_stm32l4xx.o
 .comment       0x000000000000007b       0x7c scheduler/sch.o
 .comment       0x000000000000007b       0x7c scheduler/sch_cfg.o
 .comment       0x000000000000007b       0x7c signal/sig_cfg.o
 .comment       0x000000000000007b       0x7c system/stm32_gcc/sys_timer.o

.debug_frame    0x0000000000000000     0x2244
 .debug_frame   0x0000000000000000       0x5c CarLight/stm32_gcc/CarLight.o
 .debug_frame   0x000000000000005c      0x498 Drivers/STM32L4xx_HAL_Driver/Src/stm32l4xx_hal.o
 .debug_frame   0x00000000000004f4      0x498 Drivers/STM32L4xx_HAL_Driver/Src/stm32l4xx_hal_cortex.o
 .debug_frame   0x000000000000098c      0x14c Drivers/STM32L4xx_HAL_Driver/Src/stm32l4xx_hal_gpio.o
 .debug_frame   0x0000000000000ad8      0x524 Drivers/STM32L4xx_HAL_Driver/Src/stm32l4xx_hal_pwr_ex.o
 .debug_frame   0x0000000000000ffc      0x1f4 Drivers/STM32L4xx_HAL_Driver/Src/stm32l4xx_hal_rcc.o
 .debug_frame   0x00000000000011f0      0x2fc Drivers/STM32L4xx_HAL_Driver/Src/stm32l4xx_hal_rcc_ex.o
 .debug_frame   0x00000000000014ec      0x8fc Drivers/STM32L4xx_HAL_Driver/Src/stm32l4xx_hal_uart.o
 .debug_frame   0x0000000000001de8      0x12c Src/main.o
 .debug_frame   0x0000000000001f14       0x80 Src/stm32l4xx_hal_msp.o
 .debug_frame   0x0000000000001f94      0x128 Src/stm32l4xx_it.o
 .debug_frame   0x00000000000020bc       0x58 Src/system_stm32l4xx.o
 .debug_frame   0x0000000000002114       0x58 scheduler/sch.o
 .debug_frame   0x000000000000216c       0x2c system/stm32_gcc/sys_timer.o
 .debug_frame   0x0000000000002198       0x2c d:/programs/stm32cubeide_1.0.2/stm32cubeide/plugins/com.st.stm32cube.ide.mcu.externaltools.gnu-tools-for-stm32.7-2018-q2-update.win32_1.0.0.201904181610/tools/bin/../lib/gcc/arm-none-eabi/7.3.1/../../../../arm-none-eabi/lib/thumb/v7e-m/fpv4-sp/hard\libc_nano.a(lib_a-init.o)
 .debug_frame   0x00000000000021c4       0x20 d:/programs/stm32cubeide_1.0.2/stm32cubeide/plugins/com.st.stm32cube.ide.mcu.externaltools.gnu-tools-for-stm32.7-2018-q2-update.win32_1.0.0.201904181610/tools/bin/../lib/gcc/arm-none-eabi/7.3.1/../../../../arm-none-eabi/lib/thumb/v7e-m/fpv4-sp/hard\libc_nano.a(lib_a-memset.o)
 .debug_frame   0x00000000000021e4       0x2c d:/programs/stm32cubeide_1.0.2/stm32cubeide/plugins/com.st.stm32cube.ide.mcu.externaltools.gnu-tools-for-stm32.7-2018-q2-update.win32_1.0.0.201904181610/tools/bin/../lib/gcc/arm-none-eabi/7.3.1/thumb/v7e-m/fpv4-sp/hard\libgcc.a(_aeabi_uldivmod.o)
 .debug_frame   0x0000000000002210       0x34 d:/programs/stm32cubeide_1.0.2/stm32cubeide/plugins/com.st.stm32cube.ide.mcu.externaltools.gnu-tools-for-stm32.7-2018-q2-update.win32_1.0.0.201904181610/tools/bin/../lib/gcc/arm-none-eabi/7.3.1/thumb/v7e-m/fpv4-sp/hard\libgcc.a(_udivmoddi4.o)
